===== slot0 inode=13762903 =====
debugfs 1.47.0 (5-Feb-2023)
 13762903  (12) .    13775971  (12) ..    13762653  (16) backup   
 13762879  (12) main    13762943  (4032) poke_trade   
===== slot1 inode=17831965 =====
debugfs 1.47.0 (5-Feb-2023)
 17831965  (12) .    13775971  (12) ..    17831967  (16) backup   
 17831969  (12) main    17831983  (4032) poke_trade   
===== account inode=13775971 =====
debugfs 1.47.0 (5-Feb-2023)
 13775971  (12) .    13764152  (12) ..    13775972  (16) .lock   
 17831965  (24) 1    13775975  (20) ExtraData1    13775976  (20) ExtraData0   
 13762903  (3980) 0   
dump <13762653> -> /mnt/Internal_SSD/Programming/Mixed/ArchStreamer/.alina-save-recovery/dumped/inode-13762653
debugfs 1.47.0 (5-Feb-2023)
/mnt/Internal_SSD/Programming/Mixed/ArchStreamer/.alina-save-recovery/dumped/inode-13762653 size=1513139
dump <13762879> -> /mnt/Internal_SSD/Programming/Mixed/ArchStreamer/.alina-save-recovery/dumped/inode-13762879
debugfs 1.47.0 (5-Feb-2023)
/mnt/Internal_SSD/Programming/Mixed/ArchStreamer/.alina-save-recovery/dumped/inode-13762879 size=1513139
dump <13762943> -> /mnt/Internal_SSD/Programming/Mixed/ArchStreamer/.alina-save-recovery/dumped/inode-13762943
debugfs 1.47.0 (5-Feb-2023)
/mnt/Internal_SSD/Programming/Mixed/ArchStreamer/.alina-save-recovery/dumped/inode-13762943 size=789
dump <13764152> -> /mnt/Internal_SSD/Programming/Mixed/ArchStreamer/.alina-save-recovery/dumped/inode-13764152
debugfs 1.47.0 (5-Feb-2023)
/mnt/Internal_SSD/Programming/Mixed/ArchStreamer/.alina-save-recovery/dumped/inode-13764152 size=4096
dump <13775972> -> /mnt/Internal_SSD/Programming/Mixed/ArchStreamer/.alina-save-recovery/dumped/inode-13775972
debugfs 1.47.0 (5-Feb-2023)
/mnt/Internal_SSD/Programming/Mixed/ArchStreamer/.alina-save-recovery/dumped/inode-13775972 size=0
dump <13775975> -> /mnt/Internal_SSD/Programming/Mixed/ArchStreamer/.alina-save-recovery/dumped/inode-13775975
debugfs 1.47.0 (5-Feb-2023)
/mnt/Internal_SSD/Programming/Mixed/ArchStreamer/.alina-save-recovery/dumped/inode-13775975 size=512
dump <13775976> -> /mnt/Internal_SSD/Programming/Mixed/ArchStreamer/.alina-save-recovery/dumped/inode-13775976
debugfs 1.47.0 (5-Feb-2023)
/mnt/Internal_SSD/Programming/Mixed/ArchStreamer/.alina-save-recovery/dumped/inode-13775976 size=512
dump <17831967> -> /mnt/Internal_SSD/Programming/Mixed/ArchStreamer/.alina-save-recovery/dumped/inode-17831967
debugfs 1.47.0 (5-Feb-2023)
/mnt/Internal_SSD/Programming/Mixed/ArchStreamer/.alina-save-recovery/dumped/inode-17831967 size=1513139
dump <17831969> -> /mnt/Internal_SSD/Programming/Mixed/ArchStreamer/.alina-save-recovery/dumped/inode-17831969
debugfs 1.47.0 (5-Feb-2023)
/mnt/Internal_SSD/Programming/Mixed/ArchStreamer/.alina-save-recovery/dumped/inode-17831969 size=1513139
dump <17831983> -> /mnt/Internal_SSD/Programming/Mixed/ArchStreamer/.alina-save-recovery/dumped/inode-17831983
debugfs 1.47.0 (5-Feb-2023)
/mnt/Internal_SSD/Programming/Mixed/ArchStreamer/.alina-save-recovery/dumped/inode-17831983 size=789
